// Vitest Snapshot v1, https://vitest.dev/guide/snapshot.html

exports[`ActivityErrorBoundary > Snapshot tests > should match snapshot for error state 1`] = `
<div
  class="min-h-[200px] flex items-center justify-center p-4"
>
  <div
    class="text-card-foreground flex flex-col gap-6 rounded-xl border w-full max-w-2xl bg-orange-50 border-orange-200 shadow-lg"
    data-slot="card"
  >
    <div
      class="@container/card-header grid auto-rows-min grid-rows-[auto_auto] items-start gap-1.5 px-6 pt-6 has-data-[slot=card-action]:grid-cols-[1fr_auto] [.border-b]:pb-6 pb-3"
      data-slot="card-header"
    >
      <div
        class="flex items-start justify-between"
      >
        <div
          class="flex items-center gap-3"
        >
          <div
            class="p-2 rounded-full bg-orange-100 text-orange-800"
          >
            <svg
              class="lucide lucide-alert-triangle h-5 w-5 text-orange-800"
              fill="none"
              height="24"
              stroke="currentColor"
              stroke-linecap="round"
              stroke-linejoin="round"
              stroke-width="2"
              viewBox="0 0 24 24"
              width="24"
              xmlns="http://www.w3.org/2000/svg"
            >
              <path
                d="m21.73 18-8-14a2 2 0 0 0-3.48 0l-8 14A2 2 0 0 0 4 21h16a2 2 0 0 0 1.73-3Z"
              />
              <path
                d="M12 9v4"
              />
              <path
                d="M12 17h.01"
              />
            </svg>
          </div>
          <div>
            <h4
              class="text-lg text-orange-800"
              data-slot="card-title"
            >
              Something went wrong in 
              Activity Component
            </h4>
            <div
              class="flex items-center gap-2 mt-1"
            >
              <span
                class="inline-flex items-center justify-center rounded-md border px-2 py-0.5 text-xs font-medium w-fit whitespace-nowrap shrink-0 [&>svg]:size-3 gap-1 [&>svg]:pointer-events-none focus-visible:border-ring focus-visible:ring-ring/50 focus-visible:ring-[3px] aria-invalid:ring-destructive/20 dark:aria-invalid:ring-destructive/40 aria-invalid:border-destructive transition-[color,box-shadow] overflow-hidden [a&]:hover:bg-accent [a&]:hover:text-accent-foreground bg-orange-100 text-orange-800"
                data-slot="badge"
              >
                MEDIUM
                 SEVERITY
              </span>
            </div>
          </div>
        </div>
        <div
          class="flex items-center gap-1"
        >
          <button
            class="inline-flex items-center justify-center whitespace-nowrap font-medium transition-all disabled:pointer-events-none disabled:opacity-50 [&_svg]:pointer-events-none [&_svg:not([class*='size-'])]:size-4 shrink-0 [&_svg]:shrink-0 outline-none focus-visible:border-ring focus-visible:ring-ring/50 focus-visible:ring-[3px] aria-invalid:ring-destructive/20 dark:aria-invalid:ring-destructive/40 aria-invalid:border-destructive hover:bg-accent hover:text-accent-foreground dark:hover:bg-accent/50 h-8 rounded-md gap-1.5 px-3 has-[>svg]:px-2.5 text-xs"
            data-slot="button"
          >
            <svg
              class="lucide lucide-copy h-3 w-3 mr-1"
              fill="none"
              height="24"
              stroke="currentColor"
              stroke-linecap="round"
              stroke-linejoin="round"
              stroke-width="2"
              viewBox="0 0 24 24"
              width="24"
              xmlns="http://www.w3.org/2000/svg"
            >
              <rect
                height="14"
                rx="2"
                ry="2"
                width="14"
                x="8"
                y="8"
              />
              <path
                d="M4 16c-1.1 0-2-.9-2-2V4c0-1.1.9-2 2-2h10c1.1 0 2 .9 2 2"
              />
            </svg>
            Copy
          </button>
          <button
            class="inline-flex items-center justify-center whitespace-nowrap font-medium transition-all disabled:pointer-events-none disabled:opacity-50 [&_svg]:pointer-events-none [&_svg:not([class*='size-'])]:size-4 shrink-0 [&_svg]:shrink-0 outline-none focus-visible:border-ring focus-visible:ring-ring/50 focus-visible:ring-[3px] aria-invalid:ring-destructive/20 dark:aria-invalid:ring-destructive/40 aria-invalid:border-destructive hover:bg-accent hover:text-accent-foreground dark:hover:bg-accent/50 h-8 rounded-md gap-1.5 px-3 has-[>svg]:px-2.5 text-xs"
            data-slot="button"
          >
            <svg
              class="lucide lucide-bug h-3 w-3 mr-1"
              fill="none"
              height="24"
              stroke="currentColor"
              stroke-linecap="round"
              stroke-linejoin="round"
              stroke-width="2"
              viewBox="0 0 24 24"
              width="24"
              xmlns="http://www.w3.org/2000/svg"
            >
              <path
                d="m8 2 1.88 1.88"
              />
              <path
                d="M14.12 3.88 16 2"
              />
              <path
                d="M9 7.13v-1a3.003 3.003 0 1 1 6 0v1"
              />
              <path
                d="M12 20c-3.3 0-6-2.7-6-6v-3a4 4 0 0 1 4-4h4a4 4 0 0 1 4 4v3c0 3.3-2.7 6-6 6"
              />
              <path
                d="M12 20v-9"
              />
              <path
                d="M6.53 9C4.6 8.8 3 7.1 3 5"
              />
              <path
                d="M6 13H2"
              />
              <path
                d="M3 21c0-2.1 1.7-3.9 3.8-4"
              />
              <path
                d="M20.97 5c0 2.1-1.6 3.8-3.5 4"
              />
              <path
                d="M22 13h-4"
              />
              <path
                d="M17.2 17c2.1.1 3.8 1.9 3.8 4"
              />
            </svg>
            Report
          </button>
        </div>
      </div>
    </div>
    <div
      class="px-6 [&:last-child]:pb-6 space-y-4"
      data-slot="card-content"
    >
      <div
        class="relative w-full rounded-lg px-4 py-3 text-sm grid has-[>svg]:grid-cols-[calc(var(--spacing)*4)_1fr] grid-cols-[0_1fr] has-[>svg]:gap-x-3 gap-y-0.5 items-start [&>svg]:size-4 [&>svg]:translate-y-0.5 [&>svg]:text-current text-card-foreground border-0 bg-white/50"
        data-slot="alert"
        role="alert"
      >
        <div
          class="col-start-2 grid justify-items-start gap-1 text-sm [&_p]:leading-relaxed font-medium text-orange-800"
          data-slot="alert-description"
        >
          Snapshot error
        </div>
      </div>
      <div
        class="flex flex-wrap gap-2"
      >
        <button
          class="justify-center whitespace-nowrap rounded-md text-sm font-medium transition-all disabled:pointer-events-none disabled:opacity-50 [&_svg]:pointer-events-none [&_svg:not([class*='size-'])]:size-4 shrink-0 [&_svg]:shrink-0 outline-none focus-visible:border-ring focus-visible:ring-ring/50 focus-visible:ring-[3px] aria-invalid:ring-destructive/20 dark:aria-invalid:ring-destructive/40 aria-invalid:border-destructive bg-primary text-primary-foreground hover:bg-primary/90 h-9 px-4 py-2 has-[>svg]:px-3 flex items-center gap-2"
          data-slot="button"
        >
          <svg
            class="lucide lucide-refresh-cw h-4 w-4"
            fill="none"
            height="24"
            stroke="currentColor"
            stroke-linecap="round"
            stroke-linejoin="round"
            stroke-width="2"
            viewBox="0 0 24 24"
            width="24"
            xmlns="http://www.w3.org/2000/svg"
          >
            <path
              d="M3 12a9 9 0 0 1 9-9 9.75 9.75 0 0 1 6.74 2.74L21 8"
            />
            <path
              d="M21 3v5h-5"
            />
            <path
              d="M21 12a9 9 0 0 1-9 9 9.75 9.75 0 0 1-6.74-2.74L3 16"
            />
            <path
              d="M8 16H3v5"
            />
          </svg>
          Retry (
          3
           left)
        </button>
        <button
          class="justify-center whitespace-nowrap rounded-md text-sm font-medium transition-all disabled:pointer-events-none disabled:opacity-50 [&_svg]:pointer-events-none [&_svg:not([class*='size-'])]:size-4 shrink-0 [&_svg]:shrink-0 outline-none focus-visible:border-ring focus-visible:ring-ring/50 focus-visible:ring-[3px] aria-invalid:ring-destructive/20 dark:aria-invalid:ring-destructive/40 aria-invalid:border-destructive border bg-background text-foreground hover:bg-accent hover:text-accent-foreground dark:bg-input/30 dark:border-input dark:hover:bg-input/50 h-9 px-4 py-2 has-[>svg]:px-3 flex items-center gap-2"
          data-slot="button"
        >
          <svg
            class="lucide lucide-rotate-ccw h-4 w-4"
            fill="none"
            height="24"
            stroke="currentColor"
            stroke-linecap="round"
            stroke-linejoin="round"
            stroke-width="2"
            viewBox="0 0 24 24"
            width="24"
            xmlns="http://www.w3.org/2000/svg"
          >
            <path
              d="M3 12a9 9 0 1 0 9-9 9.75 9.75 0 0 0-6.74 2.74L3 8"
            />
            <path
              d="M3 3v5h5"
            />
          </svg>
          Reset Component
        </button>
        <button
          class="justify-center whitespace-nowrap rounded-md text-sm font-medium transition-all disabled:pointer-events-none disabled:opacity-50 [&_svg]:pointer-events-none [&_svg:not([class*='size-'])]:size-4 shrink-0 [&_svg]:shrink-0 outline-none focus-visible:border-ring focus-visible:ring-ring/50 focus-visible:ring-[3px] aria-invalid:ring-destructive/20 dark:aria-invalid:ring-destructive/40 aria-invalid:border-destructive border bg-background text-foreground hover:bg-accent hover:text-accent-foreground dark:bg-input/30 dark:border-input dark:hover:bg-input/50 h-9 px-4 py-2 has-[>svg]:px-3 flex items-center gap-2"
          data-slot="button"
        >
          <svg
            class="lucide lucide-external-link h-4 w-4"
            fill="none"
            height="24"
            stroke="currentColor"
            stroke-linecap="round"
            stroke-linejoin="round"
            stroke-width="2"
            viewBox="0 0 24 24"
            width="24"
            xmlns="http://www.w3.org/2000/svg"
          >
            <path
              d="M18 13v6a2 2 0 0 1-2 2H5a2 2 0 0 1-2-2V8a2 2 0 0 1 2-2h6"
            />
            <polyline
              points="15 3 21 3 21 9"
            />
            <line
              x1="10"
              x2="21"
              y1="14"
              y2="3"
            />
          </svg>
          Refresh Page
        </button>
      </div>
      <div
        class="space-y-2"
      >
        <h4
          class="font-medium text-sm text-orange-800"
        >
          Try these solutions:
        </h4>
        <ul
          class="space-y-1"
        >
          <li
            class="text-sm text-orange-800 flex items-start gap-2"
          >
            <span
              class="text-xs mt-1"
            >
              •
            </span>
            Try refreshing the page
          </li>
          <li
            class="text-sm text-orange-800 flex items-start gap-2"
          >
            <span
              class="text-xs mt-1"
            >
              •
            </span>
            Clear your browser cache
          </li>
          <li
            class="text-sm text-orange-800 flex items-start gap-2"
          >
            <span
              class="text-xs mt-1"
            >
              •
            </span>
            Contact support if the issue persists
          </li>
        </ul>
      </div>
      <div
        data-slot="collapsible"
        data-state="closed"
      >
        <button
          aria-controls="radix-:r12:"
          aria-expanded="false"
          class="inline-flex items-center whitespace-nowrap font-medium transition-all disabled:pointer-events-none disabled:opacity-50 [&_svg]:pointer-events-none [&_svg:not([class*='size-'])]:size-4 shrink-0 [&_svg]:shrink-0 outline-none focus-visible:border-ring focus-visible:ring-ring/50 focus-visible:ring-[3px] aria-invalid:ring-destructive/20 dark:aria-invalid:ring-destructive/40 aria-invalid:border-destructive hover:bg-accent hover:text-accent-foreground dark:hover:bg-accent/50 h-8 rounded-md gap-1.5 has-[>svg]:px-2.5 w-full justify-between p-2 text-xs"
          data-slot="collapsible-trigger"
          data-state="closed"
          type="button"
        >
          Technical Details
          <svg
            class="lucide lucide-chevron-down h-3 w-3"
            fill="none"
            height="24"
            stroke="currentColor"
            stroke-linecap="round"
            stroke-linejoin="round"
            stroke-width="2"
            viewBox="0 0 24 24"
            width="24"
            xmlns="http://www.w3.org/2000/svg"
          >
            <path
              d="m6 9 6 6 6-6"
            />
          </svg>
        </button>
        <div
          class="mt-2"
          data-slot="collapsible-content"
          data-state="closed"
          hidden=""
          id="radix-:r12:"
          style=""
        />
      </div>
      <div
        class="pt-2 border-t border-gray-200 text-xs text-gray-600"
      >
        <div
          class="flex justify-between items-center"
        >
          <span>
            Error ID: 
            mdthyic6
          </span>
          <span>
            8/1/2025, 5:11:03 PM
          </span>
        </div>
      </div>
    </div>
  </div>
</div>
`;

exports[`ActivityErrorBoundary > Snapshot tests > should match snapshot for normal state 1`] = `
<div>
  Normal content
</div>
`;
